MPLINK 5.08, LINKER
Linker Map File - Created Fri Apr 20 10:11:42 2018

                                 Section Info
                  Section       Type    Address   Location Size(Bytes)
                ---------  ---------  ---------  ---------  ---------
                   .org_0       code   0x000000    program   0x00006e
                   .cinit    romdata   0x000037    program   0x000004
.config_2007_BUILD/DEFAULT/PRODUCTION/NBPROJE       code   0x002007    program   0x000002



                              Program Memory Usage 
                               Start         End      
                           ---------   ---------      
                            0x000000    0x000038      
                            0x002007    0x002007      
            58 out of 2182 program addresses used, program memory utilization is 2%



                              Symbols - Sorted by Name
                     Name    Address   Location    Storage File                     
                ---------  ---------  ---------  --------- ---------                
                 DELAY10S   0x000001    program     static nbproject\Semaforo.asm   
               DELAY10S_0   0x000007    program     static nbproject\Semaforo.asm   
                  DELAY5S   0x00000f    program     static nbproject\Semaforo.asm   
                DELAY5S_0   0x000015    program     static nbproject\Semaforo.asm   
                   INICIO   0x00001e    program     static nbproject\Semaforo.asm   
                     MAIN   0x00002a    program     static nbproject\Semaforo.asm   
             _.org_0_0008   0x000008    program     static nbproject\Semaforo.asm   
             _.org_0_000A   0x00000a    program     static nbproject\Semaforo.asm   
             _.org_0_0016   0x000016    program     static nbproject\Semaforo.asm   
             _.org_0_0018   0x000018    program     static nbproject\Semaforo.asm   
             _.org_0_001B   0x00001b    program     static nbproject\Semaforo.asm   



                              Symbols - Sorted by Address
                     Name    Address   Location    Storage File                     
                ---------  ---------  ---------  --------- ---------                
                 DELAY10S   0x000001    program     static nbproject\Semaforo.asm   
               DELAY10S_0   0x000007    program     static nbproject\Semaforo.asm   
             _.org_0_0008   0x000008    program     static nbproject\Semaforo.asm   
             _.org_0_000A   0x00000a    program     static nbproject\Semaforo.asm   
                  DELAY5S   0x00000f    program     static nbproject\Semaforo.asm   
                DELAY5S_0   0x000015    program     static nbproject\Semaforo.asm   
             _.org_0_0016   0x000016    program     static nbproject\Semaforo.asm   
             _.org_0_0018   0x000018    program     static nbproject\Semaforo.asm   
             _.org_0_001B   0x00001b    program     static nbproject\Semaforo.asm   
                   INICIO   0x00001e    program     static nbproject\Semaforo.asm   
                     MAIN   0x00002a    program     static nbproject\Semaforo.asm   


